// Jest Snapshot v1, https://jestjs.io/docs/snapshot-testing

exports[`Header snapshot coincide con el snapshot 1`] = `
<DocumentFragment>
  <div
    class="header"
  >
    <a
      class="md:flex-1 "
      href="/"
    >
      <img
        alt="Logo with name"
        class="hidden ms:block"
        data-nimg="1"
        decoding="async"
        height="32"
        loading="lazy"
        src="/_next/image?url=%2Fassets%2Ficons%2Fapp-logo.png&w=256&q=75"
        srcset="/_next/image?url=%2Fassets%2Ficons%2Fapp-logo.png&w=128&q=75 1x, /_next/image?url=%2Fassets%2Ficons%2Fapp-logo.png&w=256&q=75 2x"
        style="color: transparent;"
        width="120"
      />
      <img
        alt="Logo"
        class="mr-2 ms:block"
        data-nimg="1"
        decoding="async"
        height="32"
        loading="lazy"
        src="/_next/image?url=%2Fassets%2Ficons%2Fapp-logo.png&w=384&q=75"
        srcset="/_next/image?url=%2Fassets%2Ficons%2Fapp-logo.png&w=256&q=75 1x, /_next/image?url=%2Fassets%2Ficons%2Fapp-logo.png&w=384&q=75 2x"
        style="color: transparent;"
        width="150"
      />
    </a>
    Test Header
  </div>
</DocumentFragment>
`;
